[@ 0.000ms] print: 0
[@ 0.000ms] print: 0
[@ 0.000ms] print: 3
[@ 0.000ms] print: 0
[@ 0.000ms] print: 2
[@ 0.000ms] print: 4
[@ 0.000ms] print: 2
[@ 0.000ms] print: 2
[@ 0.000ms] print: 2
[@ 0.000ms] print: 2
[@ 0.000ms] print: 17
[@ 0.000ms] print: 16
[@ 0.000ms] print: 15
[@ 0.000ms] print: 4
[@ 0.000ms] print: 11
[@ 0.000ms] print: 16
[@ 0.000ms] print: 9
[@ 0.000ms] print: 2
[@ 0.000ms] print: 12
[@ 0.000ms] print: 4
