[@ 0.000ms] eight: bang
[@ 0.000ms] eight: bang
[@ 0.000ms] eight: bang
[@ 0.000ms] eight: bang
[@ 0.000ms] eight: bang
[@ 0.000ms] eight: bang
[@ 0.000ms] eight: bang
[@ 0.000ms] eight: bang
[@ 0.000ms] three: bang
[@ 0.000ms] three: bang
[@ 0.000ms] three: bang
[@ 0.000ms] print: 0
[@ 0.000ms] print: 1
[@ 0.000ms] print: 2
[@ 0.000ms] print: 3
[@ 0.000ms] print: 4
[@ 0.000ms] print: 5
[@ 0.000ms] print: 6
[@ 0.000ms] print: 7
[@ 0.000ms] print: 8
[@ 0.000ms] print: 9